
> loves-frontend@1.0.0 build
> next build

   ▲ Next.js 14.0.4
   - Environments: .env.local

   Creating an optimized production build ...
 ✓ Compiled successfully
   Linting and checking validity of types ...
node.exe : 
At line:1 char:1
+ & "C:\Program 
Files\nodejs/node.exe" 
"C:\Program Files\nodejs/node_mo 
...
+ ~~~~~~~~~~~~~~~~~~~~~~~~~~~~~~~
~~~~~~~~~~~~~~~~~~~~~~~~~~~~~~~~~
~~~~~
    + CategoryInfo          : No 
   tSpecified: (:String) [], Re  
  moteException
    + FullyQualifiedErrorId : Na 
   tiveCommandError
 
Failed to compile.

./app/about/page.tsx
32:98  Error: `'` can be escaped 
with `&apos;`, `&lsquo;`, 
`&#39;`, `&rsquo;`.  
react/no-unescaped-entities
65:107  Error: `'` can be 
escaped with `&apos;`, 
`&lsquo;`, `&#39;`, `&rsquo;`.  
react/no-unescaped-entities
68:24  Error: `'` can be escaped 
with `&apos;`, `&lsquo;`, 
`&#39;`, `&rsquo;`.  
react/no-unescaped-entities

./app/ai/quiz/compatibility/creat
e/page.tsx
132:67  Error: `"` can be 
escaped with `&quot;`, 
`&ldquo;`, `&#34;`, `&rdquo;`.  
react/no-unescaped-entities
132:81  Error: `"` can be 
escaped with `&quot;`, 
`&ldquo;`, `&#34;`, `&rdquo;`.  
react/no-unescaped-entities
132:84  Error: `"` can be 
escaped with `&quot;`, 
`&ldquo;`, `&#34;`, `&rdquo;`.  
react/no-unescaped-entities
132:108  Error: `"` can be 
escaped with `&quot;`, 
`&ldquo;`, `&#34;`, `&rdquo;`.  
react/no-unescaped-entities
165:92  Error: `"` can be 
escaped with `&quot;`, 
`&ldquo;`, `&#34;`, `&rdquo;`.  
react/no-unescaped-entities
165:97  Error: `'` can be 
escaped with `&apos;`, 
`&lsquo;`, `&#39;`, `&rsquo;`.  
react/no-unescaped-entities
165:119  Error: `"` can be 
escaped with `&quot;`, 
`&ldquo;`, `&#34;`, `&rdquo;`.  
react/no-unescaped-entities
165:122  Error: `"` can be 
escaped with `&quot;`, 
`&ldquo;`, `&#34;`, `&rdquo;`.  
react/no-unescaped-entities
165:159  Error: `"` can be 
escaped with `&quot;`, 
`&ldquo;`, `&#34;`, `&rdquo;`.  
react/no-unescaped-entities
165:162  Error: `"` can be 
escaped with `&quot;`, 
`&ldquo;`, `&#34;`, `&rdquo;`.  
react/no-unescaped-entities
165:178  Error: `"` can be 
escaped with `&quot;`, 
`&ldquo;`, `&#34;`, `&rdquo;`.  
react/no-unescaped-entities

./app/ai/quiz/compatibility/join/
[code]/page.tsx
29:8  Warning: React Hook 
useEffect has a missing 
dependency: 'fetchQuiz'. Either 
include it or remove the 
dependency array.  
react-hooks/exhaustive-deps

./app/ai/quiz/compatibility/resul
t/[id]/page.tsx
56:8  Warning: React Hook 
useEffect has a missing 
dependency: 'fetchQuizResult'. 
Either include it or remove the 
dependency array.  
react-hooks/exhaustive-deps

./app/calendar/page.tsx
101:6  Warning: React Hook 
useEffect has a missing 
dependency: 'fetchEvents'. 
Either include it or remove the 
dependency array.  
react-hooks/exhaustive-deps
412:29  Warning: Using `<img>` 
could result in slower LCP and 
higher bandwidth. Consider using 
`<Image />` from `next/image` to 
automatically optimize images. 
This may incur additional usage 
or cost from your provider. See: 
https://nextjs.org/docs/messages/
no-img-element  
@next/next/no-img-element

./app/chat/page.tsx
172:31  Warning: Using `<img>` 
could result in slower LCP and 
higher bandwidth. Consider using 
`<Image />` from `next/image` to 
automatically optimize images. 
This may incur additional usage 
or cost from your provider. See: 
https://nextjs.org/docs/messages/
no-img-element  
@next/next/no-img-element
223:94  Error: `'` can be 
escaped with `&apos;`, 
`&lsquo;`, `&#39;`, `&rsquo;`.  
react/no-unescaped-entities

./app/chat/[chatId]/page.tsx
42:6  Warning: React Hook 
useEffect has missing 
dependencies: 'connectSocket' 
and 'fetchMessages'. Either 
include them or remove the 
dependency array.  
react-hooks/exhaustive-deps

./app/cookie-policy/page.tsx
88:38  Error: `'` can be escaped 
with `&apos;`, `&lsquo;`, 
`&#39;`, `&rsquo;`.  
react/no-unescaped-entities

./app/dashboard/page.tsx
223:13  Warning: Image elements 
must have an alt prop, either 
with meaningful text, or an 
empty string for decorative 
images.  jsx-a11y/alt-text
312:19  Warning: Image elements 
must have an alt prop, either 
with meaningful text, or an 
empty string for decorative 
images.  jsx-a11y/alt-text

./app/games/love-language/page.ts
x
164:29  Error: `"` can be 
escaped with `&quot;`, 
`&ldquo;`, `&#34;`, `&rdquo;`.  
react/no-unescaped-entities
164:115  Error: `"` can be 
escaped with `&quot;`, 
`&ldquo;`, `&#34;`, `&rdquo;`.  
react/no-unescaped-entities

./app/games/page.tsx
38:6  Warning: React Hook 
useEffect has a missing 
dependency: 'fetchGames'. Either 
include it or remove the 
dependency array.  
react-hooks/exhaustive-deps
231:81  Error: `'` can be 
escaped with `&apos;`, 
`&lsquo;`, `&#39;`, `&rsquo;`.  
react/no-unescaped-entities

./app/games/would-you-rather/page
.tsx
45:8  Warning: React Hook 
useEffect has a missing 
dependency: 'fetchQuestions'. 
Either include it or remove the 
dependency array.  
react-hooks/exhaustive-deps

./app/how-it-works/page.tsx
34:106  Error: `'` can be 
escaped with `&apos;`, 
`&lsquo;`, `&#39;`, `&rsquo;`.  
react/no-unescaped-entities
70:106  Error: `'` can be 
escaped with `&apos;`, 
`&lsquo;`, `&#39;`, `&rsquo;`.  
react/no-unescaped-entities

./app/login/page.tsx
220:16  Error: `'` can be 
escaped with `&apos;`, 
`&lsquo;`, `&#39;`, `&rsquo;`.  
react/no-unescaped-entities

./app/memories/page.tsx
46:6  Warning: React Hook 
useEffect has a missing 
dependency: 'fetchMemories'. 
Either include it or remove the 
dependency array.  
react-hooks/exhaustive-deps
208:80  Error: `'` can be 
escaped with `&apos;`, 
`&lsquo;`, `&#39;`, `&rsquo;`.  
react/no-unescaped-entities
244:23  Warning: Using `<img>` 
could result in slower LCP and 
higher bandwidth. Consider using 
`<Image />` from `next/image` to 
automatically optimize images. 
This may incur additional usage 
or cost from your provider. See: 
https://nextjs.org/docs/messages/
no-img-element  
@next/next/no-img-element
373:17  Warning: Using `<img>` 
could result in slower LCP and 
higher bandwidth. Consider using 
`<Image />` from `next/image` to 
automatically optimize images. 
This may incur additional usage 
or cost from your provider. See: 
https://nextjs.org/docs/messages/
no-img-element  
@next/next/no-img-element

./app/page.tsx
72:6  Warning: React Hook 
useEffect has a missing 
dependency: 
'testimonials.length'. Either 
include it or remove the 
dependency array.  
react-hooks/exhaustive-deps
261:13  Error: `"` can be 
escaped with `&quot;`, 
`&ldquo;`, `&#34;`, `&rdquo;`.  
react/no-unescaped-entities
261:53  Error: `"` can be 
escaped with `&quot;`, 
`&ldquo;`, `&#34;`, `&rdquo;`.  
react/no-unescaped-entities

./app/personality/share/[shareCod
e]/page.tsx
34:6  Warning: React Hook 
useEffect has a missing 
dependency: 'fetchSharedQuiz'. 
Either include it or remove the 
dependency array.  
react-hooks/exhaustive-deps

./app/privacy/page.tsx
25:36  Error: `"` can be escaped 
with `&quot;`, `&ldquo;`, 
`&#34;`, `&rdquo;`.  
react/no-unescaped-entities
25:40  Error: `"` can be escaped 
with `&quot;`, `&ldquo;`, 
`&#34;`, `&rdquo;`.  
react/no-unescaped-entities
25:42  Error: `"` can be escaped 
with `&quot;`, `&ldquo;`, 
`&#34;`, `&rdquo;`.  
react/no-unescaped-entities
25:47  Error: `"` can be escaped 
with `&quot;`, `&ldquo;`, 
`&#34;`, `&rdquo;`.  
react/no-unescaped-entities
25:52  Error: `"` can be escaped 
with `&quot;`, `&ldquo;`, 
`&#34;`, `&rdquo;`.  
react/no-unescaped-entities
25:55  Error: `"` can be escaped 
with `&quot;`, `&ldquo;`, 
`&#34;`, `&rdquo;`.  
react/no-unescaped-entities
102:64  Error: `'` can be 
escaped with `&apos;`, 
`&lsquo;`, `&#39;`, `&rsquo;`.  
react/no-unescaped-entities
118:166  Error: `"` can be 
escaped with `&quot;`, 
`&ldquo;`, `&#34;`, `&rdquo;`.  
react/no-unescaped-entities
118:179  Error: `"` can be 
escaped with `&quot;`, 
`&ldquo;`, `&#34;`, `&rdquo;`.  
react/no-unescaped-entities

./app/register/page.tsx
174:47  Error: `'` can be 
escaped with `&apos;`, 
`&lsquo;`, `&#39;`, `&rsquo;`.  
react/no-unescaped-entities

./app/safety/page.tsx
75:133  Error: `'` can be 
escaped with `&apos;`, 
`&lsquo;`, `&#39;`, `&rsquo;`.  
react/no-unescaped-entities
79:89  Error: `'` can be escaped 
with `&apos;`, `&lsquo;`, 
`&#39;`, `&rsquo;`.  
react/no-unescaped-entities
87:99  Error: `'` can be escaped 
with `&apos;`, `&lsquo;`, 
`&#39;`, `&rsquo;`.  
react/no-unescaped-entities
107:41  Error: `'` can be 
escaped with `&apos;`, 
`&lsquo;`, `&#39;`, `&rsquo;`.  
react/no-unescaped-entities
115:34  Error: `"` can be 
escaped with `&quot;`, 
`&ldquo;`, `&#34;`, `&rdquo;`.  
react/no-unescaped-entities
115:46  Error: `"` can be 
escaped with `&quot;`, 
`&ldquo;`, `&#34;`, `&rdquo;`.  
react/no-unescaped-entities
115:51  Error: `"` can be 
escaped with `&quot;`, 
`&ldquo;`, `&#34;`, `&rdquo;`.  
react/no-unescaped-entities
115:62  Error: `"` can be 
escaped with `&quot;`, 
`&ldquo;`, `&#34;`, `&rdquo;`.  
react/no-unescaped-entities

./app/terms/page.tsx
121:39  Error: `"` can be 
escaped with `&quot;`, 
`&ldquo;`, `&#34;`, `&rdquo;`.  
react/no-unescaped-entities
121:45  Error: `"` can be 
escaped with `&quot;`, 
`&ldquo;`, `&#34;`, `&rdquo;`.  
react/no-unescaped-entities

./components/Footer.tsx
135:21  Error: `'` can be 
escaped with `&apos;`, 
`&lsquo;`, `&#39;`, `&rsquo;`.  
react/no-unescaped-entities

./components/Navbar.tsx
26:51  Warning: Image elements 
must have an alt prop, either 
with meaningful text, or an 
empty string for decorative 
images.  jsx-a11y/alt-text

info  - Need to disable some 
ESLint rules? Learn more here: ht
tps://nextjs.org/docs/basic-featu
res/eslint#disabling-rules
